<?xml version="1.0" encoding="UTF-8" ?>
<testsuites>
 <testsuite name="&lt;Home /&gt;" timestamp="2016-06-21T20:32:53" hostname="localhost" time="0.021" errors="0" tests="2" skipped="0" disabled="0" failures="0">
  <testcase classname="&lt;Home /&gt;" name="renders successfully" time="0.017" />
  <testcase classname="&lt;Home /&gt;" name="should have an appropriate header" time="0.003" />
 </testsuite>
</testsuites>